#-----------------------------------------------------------
# Vivado v2024.1 (64-bit)
# SW Build 5076996 on Wed May 22 18:37:14 MDT 2024
# IP Build 5075265 on Wed May 22 21:45:21 MDT 2024
# SharedData Build 5076995 on Wed May 22 18:29:18 MDT 2024
# Start of session at: Fri May  9 12:54:08 2025
# Process ID: 31548
# Current directory: C:/Users/PatrickKenis/Downloads/SOC_IMU/SOC_IMU.runs/design_1_axi_iic_0_0_synth_1
# Command line: vivado.exe -log design_1_axi_iic_0_0.vds -product Vivado -mode batch -messageDb vivado.pb -notrace -source design_1_axi_iic_0_0.tcl
# Log file: C:/Users/PatrickKenis/Downloads/SOC_IMU/SOC_IMU.runs/design_1_axi_iic_0_0_synth_1/design_1_axi_iic_0_0.vds
# Journal file: C:/Users/PatrickKenis/Downloads/SOC_IMU/SOC_IMU.runs/design_1_axi_iic_0_0_synth_1\vivado.jou
# Running On        :DESKTOP-873OUQA
# Platform          :Windows Server 2016 or Windows 10
# Operating System  :19045
# Processor Detail  :11th Gen Intel(R) Core(TM) i5-1135G7 @ 2.40GHz
# CPU Frequency     :1382 MHz
# CPU Physical cores:4
# CPU Logical cores :7
# Host memory       :16905 MB
# Swap memory       :11478 MB
# Total Virtual     :28384 MB
# Available Virtual :8119 MB
#-----------------------------------------------------------
source design_1_axi_iic_0_0.tcl -notrace
